// Jest Snapshot v1, https://goo.gl/fbAQLP

exports[`Scanner Tests should scan a simple select statement 1`] = `
[
  Token {
    "end": 20,
    "lexeme": "select",
    "line": 2,
    "start": 14,
    "type": "SELECT",
  },
  Token {
    "end": 39,
    "lexeme": "id",
    "line": 2,
    "start": 37,
    "type": "IDENTIFIER",
  },
  Token {
    "end": 39,
    "lexeme": "id",
    "line": 2,
    "start": 37,
    "type": "COMMA",
  },
  Token {
    "end": 66,
    "lexeme": "user_name",
    "line": 2,
    "start": 57,
    "type": "IDENTIFIER",
  },
  Token {
    "end": 69,
    "lexeme": "as",
    "line": 2,
    "start": 67,
    "type": "AS",
  },
  Token {
    "end": 78,
    "lexeme": "username",
    "line": 2,
    "start": 70,
    "type": "IDENTIFIER",
  },
  Token {
    "end": 99,
    "lexeme": "from",
    "line": 2,
    "start": 95,
    "type": "FROM",
  },
  Token {
    "end": 105,
    "lexeme": "users",
    "line": 2,
    "start": 100,
    "type": "IDENTIFIER",
  },
  Token {
    "end": 121,
    "lexeme": "",
    "line": 2,
    "start": 121,
    "type": "EOF",
  },
]
`;

exports[`Scanner Tests should scan a simple select statement: tokens 1`] = `
[
  Token {
    "end": 20,
    "lexeme": "select",
    "line": 2,
    "start": 14,
    "type": "SELECT",
  },
  Token {
    "end": 39,
    "lexeme": "id",
    "line": 2,
    "start": 37,
    "type": "IDENTIFIER",
  },
  Token {
    "end": 39,
    "lexeme": "id",
    "line": 2,
    "start": 37,
    "type": "COMMA",
  },
  Token {
    "end": 66,
    "lexeme": "user_name",
    "line": 2,
    "start": 57,
    "type": "IDENTIFIER",
  },
  Token {
    "end": 69,
    "lexeme": "as",
    "line": 2,
    "start": 67,
    "type": "AS",
  },
  Token {
    "end": 78,
    "lexeme": "username",
    "line": 2,
    "start": 70,
    "type": "IDENTIFIER",
  },
  Token {
    "end": 99,
    "lexeme": "from",
    "line": 2,
    "start": 95,
    "type": "FROM",
  },
  Token {
    "end": 105,
    "lexeme": "users",
    "line": 2,
    "start": 100,
    "type": "IDENTIFIER",
  },
  Token {
    "end": 121,
    "lexeme": "",
    "line": 2,
    "start": 121,
    "type": "EOF",
  },
]
`;
