// Jest Snapshot v1, https://goo.gl/fbAQLP

exports[`Scanner Tests should scan a simple select statement 1`] = `
[
  Token {
    "end": 12,
    "lexeme": " ",
    "line": 1,
    "start": 12,
    "type": "IDENTIFIER",
  },
  Token {
    "end": 13,
    "lexeme": " ",
    "line": 1,
    "start": 13,
    "type": "IDENTIFIER",
  },
  Token {
    "end": 19,
    "lexeme": "select",
    "line": 1,
    "start": 14,
    "type": "IDENTIFIER",
  },
  Token {
    "end": 35,
    "lexeme": " ",
    "line": 1,
    "start": 35,
    "type": "IDENTIFIER",
  },
  Token {
    "end": 39,
    "lexeme": " id,",
    "line": 1,
    "start": 36,
    "type": "IDENTIFIER",
  },
  Token {
    "end": 55,
    "lexeme": " ",
    "line": 1,
    "start": 55,
    "type": "IDENTIFIER",
  },
  Token {
    "end": 56,
    "lexeme": " ",
    "line": 1,
    "start": 56,
    "type": "IDENTIFIER",
  },
  Token {
    "end": 65,
    "lexeme": "user_name",
    "line": 1,
    "start": 57,
    "type": "IDENTIFIER",
  },
  Token {
    "end": 66,
    "lexeme": " ",
    "line": 1,
    "start": 66,
    "type": "IDENTIFIER",
  },
  Token {
    "end": 77,
    "lexeme": "s username",
    "line": 1,
    "start": 68,
    "type": "IDENTIFIER",
  },
  Token {
    "end": 93,
    "lexeme": " ",
    "line": 1,
    "start": 93,
    "type": "IDENTIFIER",
  },
  Token {
    "end": 94,
    "lexeme": " ",
    "line": 1,
    "start": 94,
    "type": "IDENTIFIER",
  },
  Token {
    "end": 98,
    "lexeme": "from",
    "line": 1,
    "start": 95,
    "type": "IDENTIFIER",
  },
  Token {
    "end": 99,
    "lexeme": " ",
    "line": 1,
    "start": 99,
    "type": "IDENTIFIER",
  },
  Token {
    "end": 104,
    "lexeme": "users",
    "line": 1,
    "start": 100,
    "type": "IDENTIFIER",
  },
  Token {
    "end": 121,
    "lexeme": "",
    "line": 1,
    "start": 121,
    "type": "EOF",
  },
]
`;
